180.76.6.57 - - [11/Jan/2015:06:28:03 +0800] "GET /robots.txt HTTP/1.1" 200 424 "-" "Mozilla/5.0 (Windows NT 5.1; rv:6.0.2) Gecko/20100101 Firefox/6.0.2"
180.76.5.170 - - [11/Jan/2015:06:28:41 +0800] "GET / HTTP/1.1" 200 1092 "-" "Mozilla/5.0 (compatible; Baiduspider/2.0; +http://www.baidu.com/search/spider.html)"
180.76.4.138 - - [11/Jan/2015:06:39:30 +0800] "GET / HTTP/1.1" 200 3593 "-" "Mozilla/4.0 (compatible; MSIE 7.0; Windows NT 6.0)"
220.181.108.178 - - [11/Jan/2015:06:45:46 +0800] "GET /p/user/uid/11 HTTP/1.1" 200 4206 "-" "Mozilla/5.0 (compatible; Baiduspider/2.0; +http://www.baidu.com/search/spider.html)"
110.75.167.221 - - [11/Jan/2015:06:48:21 +0800] "PUT /webscan38502863.txt HTTP/1.1" 405 583 "http://apporz.com/" "Mozilla/4.0 (compatible; MSIE 6.0; Windows NT 5.1; SV1; Maxthon; .NET CLR 1.1.4322;Alibaba.Security.Heimdall)"
110.75.167.221 - - [11/Jan/2015:06:48:21 +0800] "GET /webscan38502863.txt HTTP/1.1" 404 579 "http://apporz.com/" "Mozilla/4.0 (compatible; MSIE 6.0; Windows NT 5.1; SV1; Maxthon; .NET CLR 1.1.4322;Alibaba.Security.Heimdall)"
123.125.71.110 - - [11/Jan/2015:07:11:56 +0800] "GET / HTTP/1.1" 200 18586 "-" "Mozilla/5.0 (compatible; Baiduspider/2.0; +http://www.baidu.com/search/spider.html)"
220.181.108.153 - - [11/Jan/2015:07:13:07 +0800] "GET / HTTP/1.1" 200 18586 "-" "Mozilla/5.0 (compatible; Baiduspider/2.0; +http://www.baidu.com/search/spider.html)"
115.159.67.121 - - [11/Jan/2015:07:14:30 +0800] "GET http://www.ly.com/ HTTP/1.1" 200 1092 "-" "Mozilla/5.0 (Windows NT 6.1; WOW64; rv:29.0) Gecko/20100101 Firefox/29.0"
157.55.39.185 - - [11/Jan/2015:07:22:08 +0800] "GET /%7B%7Blink.url%7D%7D HTTP/1.1" 404 151 "-" "Mozilla/5.0 (compatible; bingbot/2.0; +http://www.bing.com/bingbot.htm)"
81.144.138.34 - - [11/Jan/2015:07:26:15 +0800] "GET /robots.txt HTTP/1.1" 200 424 "-" "Wotbox/2.01 (+http://www.wotbox.com/bot/)"
81.144.138.34 - - [11/Jan/2015:07:26:33 +0800] "GET / HTTP/1.1" 200 1092 "-" "Wotbox/2.01 (+http://www.wotbox.com/bot/)"
81.144.138.34 - - [11/Jan/2015:07:26:40 +0800] "GET /%7B%7Blink.url%7D%7D HTTP/1.1" 404 151 "-" "Wotbox/2.01 (+http://www.wotbox.com/bot/)"
123.125.71.69 - - [11/Jan/2015:08:08:40 +0800] "GET / HTTP/1.1" 200 3593 "-" "Mozilla/5.0 (compatible; Baiduspider/2.0; +http://www.baidu.com/search/spider.html)"
220.181.108.180 - - [11/Jan/2015:08:09:31 +0800] "GET / HTTP/1.1" 200 3593 "-" "Mozilla/5.0 (compatible; Baiduspider/2.0; +http://www.baidu.com/search/spider.html)"
183.60.198.153 - - [11/Jan/2015:08:10:32 +0800] "GET /robots.txt HTTP/1.1" 200 424 "-" "Mozilla/5.0 (compatible; EasouSpider; +http://www.easou.com/search/spider.html)"
110.75.167.220 - - [11/Jan/2015:08:39:03 +0800] "GET /manager/html HTTP/1.1" 404 579 "http://121.40.187.144/" "Mozilla/4.0 (compatible; MSIE 6.0; Windows NT 5.1; SV1; Maxthon; .NET CLR 1.1.4322;Alibaba.Security.Heimdall)"
180.76.4.193 - - [11/Jan/2015:08:41:11 +0800] "GET / HTTP/1.1" 200 3593 "-" "Mozilla/4.0 (compatible; MSIE 7.0; Windows NT 6.0)"
42.120.145.177 - - [11/Jan/2015:08:46:24 +0800] "PUT /webscan38502863.txt HTTP/1.1" 404 2093 "http://booksys.apporz.com/" "Mozilla/4.0 (compatible; MSIE 6.0; Windows NT 5.1; SV1; Maxthon; .NET CLR 1.1.4322;Alibaba.Security.Heimdall)"
42.120.145.177 - - [11/Jan/2015:08:46:25 +0800] "GET /webscan38502863.txt HTTP/1.1" 404 2093 "http://booksys.apporz.com/" "Mozilla/4.0 (compatible; MSIE 6.0; Windows NT 5.1; SV1; Maxthon; .NET CLR 1.1.4322;Alibaba.Security.Heimdall)"
123.125.71.109 - - [11/Jan/2015:09:10:16 +0800] "GET / HTTP/1.1" 200 5901 "-" "Mozilla/5.0 (compatible; Baiduspider/2.0; +http://www.baidu.com/search/spider.html)"
220.181.108.168 - - [11/Jan/2015:09:11:20 +0800] "GET / HTTP/1.1" 200 5901 "-" "Mozilla/5.0 (compatible; Baiduspider/2.0; +http://www.baidu.com/search/spider.html)"
203.208.60.142 - - [11/Jan/2015:09:11:26 +0800] "GET /update HTTP/1.1" 200 4715 "-" "Mozilla/5.0 (compatible; Googlebot/2.1; +http://www.google.com/bot.html)"
123.125.71.58 - - [11/Jan/2015:09:11:36 +0800] "GET /Blog/index/view/tid/13 HTTP/1.1" 200 1827 "-" "Mozilla/5.0 (compatible; Baiduspider/2.0; +http://www.baidu.com/search/spider.html)"
203.208.60.136 - - [11/Jan/2015:09:16:09 +0800] "GET /p/ODYxMzk4 HTTP/1.1" 200 5116 "-" "Mozilla/5.0 (compatible; Googlebot/2.1; +http://www.google.com/bot.html)"
121.40.129.82 - - [11/Jan/2015:09:44:07 +0800] "GET /susu/sus/su.php HTTP/1.1" 404 36 "-" "-"
121.40.129.82 - - [11/Jan/2015:09:44:07 +0800] "GET /phpMyAdmin/scripts/setup.php HTTP/1.1" 404 36 "-" "-"
121.40.129.82 - - [11/Jan/2015:09:44:07 +0800] "GET /pma/scripts/setup.php HTTP/1.1" 404 36 "-" "-"
121.40.129.82 - - [11/Jan/2015:09:44:07 +0800] "GET /myadmin/scripts/setup.php HTTP/1.1" 404 36 "-" "-"
183.136.190.62 - - [11/Jan/2015:09:46:42 +0800] "GET / HTTP/1.1" 200 1092 "-" "Mozilla/5.0 (Windows NT 6.1) AppleWebKit/537.36 (KHTML, like Gecko) Chrome/35.0.1916.153 Safari/537.36"
123.125.71.71 - - [11/Jan/2015:10:06:38 +0800] "GET / HTTP/1.1" 200 3593 "-" "Mozilla/5.0 (compatible; Baiduspider/2.0; +http://www.baidu.com/search/spider.html)"
220.181.108.149 - - [11/Jan/2015:10:07:38 +0800] "GET / HTTP/1.1" 200 3593 "-" "Mozilla/5.0 (compatible; Baiduspider/2.0; +http://www.baidu.com/search/spider.html)"
203.208.60.127 - - [11/Jan/2015:10:09:44 +0800] "GET /Account/reg HTTP/1.1" 200 8687 "-" "Mozilla/5.0 (compatible; Googlebot/2.1; +http://www.google.com/bot.html)"
114.80.102.63 - - [11/Jan/2015:10:12:22 +0800] "POST /bbs/api/manyou/my.php HTTP/1.0" 404 25 "http://www.apporz.com/bbs/api/manyou/my.php" "Mozilla/5.0 (Windows; U; Windows NT 5.1; zh-CN; rv:1.9.1.9) Gecko/20100315 Firefox/3.5.9"
5.255.253.153 - - [11/Jan/2015:10:28:21 +0800] "GET / HTTP/1.1" 200 1092 "-" "Mozilla/5.0 (compatible; YandexBot/3.0; +http://yandex.com/bots)"
5.255.253.153 - - [11/Jan/2015:10:28:23 +0800] "GET /robots.txt HTTP/1.1" 200 424 "-" "Mozilla/5.0 (compatible; YandexBot/3.0; +http://yandex.com/bots)"
5.255.253.153 - - [11/Jan/2015:10:28:25 +0800] "GET / HTTP/1.1" 200 1092 "-" "Mozilla/5.0 (compatible; YandexBot/3.0; +http://yandex.com/bots)"
5.255.253.153 - - [11/Jan/2015:10:28:26 +0800] "GET / HTTP/1.1" 200 1092 "-" "Mozilla/5.0 (compatible; YandexBot/3.0; +http://yandex.com/bots)"
5.255.253.153 - - [11/Jan/2015:10:28:29 +0800] "GET / HTTP/1.1" 200 1092 "-" "Mozilla/5.0 (compatible; YandexBot/3.0; +http://yandex.com/bots)"
